<?xml version="1.0" encoding="UTF-8"?><mappingRoot xmlns="http://www.ibm.com/2008/ccl/Mapping" domainID="com.ibm.msl.mapping.xml" domainIDExtension="mb" mainMap="true" targetNamespace="com.nkp.training" version="8.0.5.0" xmlns:map="com.nkp.training">
    <input path="mbsharedlib://CSVMessageModelling/BillDetails.xsd"/>
    <output path="mbsharedlib://CSVMessageModelling/BillDetails_Piped.xsd"/>
    <generation engine="xquery"/>
    <mappingDeclaration name="csv_piped_flow_Mapping">
        <input path="mb:msg(BillDetailsData,assembly,DFDL,Properties)" var="ComIbmMessageAssembly_BillDetailsData"/>
        <output path="mb:msg(BillDetails_PipedData,assembly,DFDL,Properties)" var="ComIbmMessageAssembly_BillDetails_PipedData"/>
        <move>
            <input path="$ComIbmMessageAssembly_BillDetailsData/Properties"/>
            <output path="$ComIbmMessageAssembly_BillDetails_PipedData/Properties"/>
            <override>
                <assign value="{CSVMessageModelling}">
                    <output path="$ComIbmMessageAssembly_BillDetails_PipedData/Properties/MessageSet"/>
                </assign>
                <assign value="{}:BillDetails_PipedData">
                    <output path="$ComIbmMessageAssembly_BillDetails_PipedData/Properties/MessageType"/>
                </assign>
            </override>
        </move>
        <assign value="BillNumber">
            <output path="$ComIbmMessageAssembly_BillDetails_PipedData/BillDetails_PipedData/header/BillNumber"/>
        </assign>
        <assign value="BillDate">
            <output path="$ComIbmMessageAssembly_BillDetails_PipedData/BillDetails_PipedData/header/BillDate"/>
        </assign>
        <assign value="CashierName">
            <output path="$ComIbmMessageAssembly_BillDetails_PipedData/BillDetails_PipedData/header/CashierName"/>
        </assign>
        <assign value="CustomerName">
            <output path="$ComIbmMessageAssembly_BillDetails_PipedData/BillDetails_PipedData/header/CustomerName"/>
        </assign>
        <assign value="Customer_Phone">
            <output path="$ComIbmMessageAssembly_BillDetails_PipedData/BillDetails_PipedData/header/Customer_Phone"/>
        </assign>
        <assign value="Total_purchases">
            <output path="$ComIbmMessageAssembly_BillDetails_PipedData/BillDetails_PipedData/header/Total_purchases"/>
        </assign>
        <foreach>
            <input path="$ComIbmMessageAssembly_BillDetailsData/BillDetailsData/record"/>
            <output path="$ComIbmMessageAssembly_BillDetails_PipedData/BillDetails_PipedData/record"/>
            <move>
                <input path="BillNumber"/>
                <output path="BillNumber"/>
            </move>
            <move>
                <input path="BillDate"/>
                <output path="BillDate"/>
            </move>
            <move>
                <input path="CashierName"/>
                <output path="CashierName"/>
            </move>
            <move>
                <input path="CustomerName"/>
                <output path="CustomerName"/>
            </move>
            <move>
                <input path="Customer_Phone"/>
                <output path="Customer_Phone"/>
            </move>
            <move>
                <input path="Total_purchases"/>
                <output path="Total_purchases"/>
            </move>
        </foreach>
    </mappingDeclaration>
</mappingRoot>